// Jest Snapshot v1, https://goo.gl/fbAQLP

exports[`Testing <PostListItem/> Testing snap PostListItem have rendered correctly 1`] = `ShallowWrapper {}`;
