// Jest Snapshot v1, https://goo.gl/fbAQLP

exports[`Testing <App/> Testing snap & state PostListItem have rendered correctly 1`] = `ShallowWrapper {}`;
